inproc: visible devices = 4
chris-MS-7D28:387407:387407 [3] NCCL INFO ROCr version 1.14
chris-MS-7D28:387407:387407 [3] NCCL INFO Dmabuf feature disabled without NCCL_DMABUF_ENABLE=1
chris-MS-7D28:387407:387407 [3] NCCL INFO Bootstrap : Using wlo1:10.0.0.216<0>
chris-MS-7D28:387407:387407 [3] NCCL INFO NET/Plugin : dlerror=librccl-net.so: cannot open shared object file: No such file or directory No plugin found (librccl-net.so), using internal implementation
chris-MS-7D28:387407:387407 [3] NCCL INFO Kernel version: 7.0.0-31-generic
RCCL version 2.20.5+hip6.2 HEAD:45b618a+
chris-MS-7D28:387407:387430 [3] NCCL INFO NET/IB : No device found.
chris-MS-7D28:387407:387430 [3] NCCL INFO NET/Socket : Using [0]wlo1:10.0.0.216<0> [1]tailscale0:100.90.97.20<0>
chris-MS-7D28:387407:387430 [3] NCCL INFO Using non-device net plugin version 0
chris-MS-7D28:387407:387430 [3] NCCL INFO Using network Socket
chris-MS-7D28:387407:387427 [0] NCCL INFO Using non-device net plugin version 0
chris-MS-7D28:387407:387427 [0] NCCL INFO Using network Socket
chris-MS-7D28:387407:387429 [2] NCCL INFO Using non-device net plugin version 0
chris-MS-7D28:387407:387429 [2] NCCL INFO Using network Socket
chris-MS-7D28:387407:387428 [1] NCCL INFO Using non-device net plugin version 0
chris-MS-7D28:387407:387428 [1] NCCL INFO Using network Socket
chris-MS-7D28:387407:387428 [1] NCCL INFO comm 0x6d61440 rank 1 nranks 4 cudaDev 1 busId 8000 commId 0xdece159078df87d3 - Init START
chris-MS-7D28:387407:387430 [3] NCCL INFO comm 0x6f88db0 rank 3 nranks 4 cudaDev 3 busId 10000 commId 0xdece159078df87d3 - Init START
chris-MS-7D28:387407:387427 [0] NCCL INFO comm 0x702a4d0 rank 0 nranks 4 cudaDev 0 busId 5000 commId 0xdece159078df87d3 - Init START
chris-MS-7D28:387407:387429 [2] NCCL INFO comm 0x6afed10 rank 2 nranks 4 cudaDev 2 busId d000 commId 0xdece159078df87d3 - Init START
chris-MS-7D28:387407:387428 [1] NCCL INFO [node_id = 2; gpu_id = 43906; unique_id = 150116135807889828; location_id = 2048; bdf = 2048; domain = 0; partition = 0], 
chris-MS-7D28:387407:387428 [1] NCCL INFO [node_id = 1; gpu_id = 15942; unique_id = 150116135808414020; location_id = 1280; bdf = 1280; domain = 0; partition = 0], 
chris-MS-7D28:387407:387428 [1] NCCL INFO [node_id = 3; gpu_id = 63553; unique_id = 150127372904180164; location_id = 3328; bdf = 3328; domain = 0; partition = 0], 
chris-MS-7D28:387407:387428 [1] NCCL INFO [node_id = 4; gpu_id = 41352; unique_id = 150127372904962276; location_id = 4096; bdf = 4096; domain = 0; partition = 0], 
chris-MS-7D28:387407:387428 [1] NCCL INFO initialized internal alternative rsmi functionality
chris-MS-7D28:387407:387429 [2] NCCL INFO [node_id = 2; gpu_id = 43906; unique_id = 150116135807889828; location_id = 2048; bdf = 2048; domain = 0; partition = 0], 
chris-MS-7D28:387407:387429 [2] NCCL INFO [node_id = 1; gpu_id = 15942; unique_id = 150116135808414020; location_id = 1280; bdf = 1280; domain = 0; partition = 0], 
chris-MS-7D28:387407:387429 [2] NCCL INFO [node_id = 3; gpu_id = 63553; unique_id = 150127372904180164; location_id = 3328; bdf = 3328; domain = 0; partition = 0], 
chris-MS-7D28:387407:387429 [2] NCCL INFO [node_id = 4; gpu_id = 41352; unique_id = 150127372904962276; location_id = 4096; bdf = 4096; domain = 0; partition = 0], 
chris-MS-7D28:387407:387429 [2] NCCL INFO initialized internal alternative rsmi functionality
chris-MS-7D28:387407:387428 [1] NCCL INFO Could not enable P2P between dev 1(=8000) and dev 0(=5000)
chris-MS-7D28:387407:387428 [1] NCCL INFO Could not enable P2P between dev 0(=5000) and dev 1(=8000)
chris-MS-7D28:387407:387428 [1] NCCL INFO Could not enable P2P between dev 3(=10000) and dev 2(=d000)
chris-MS-7D28:387407:387430 [3] NCCL INFO [node_id = 2; gpu_id = 43906; unique_id = 150116135807889828; location_id = 2048; bdf = 2048; domain = 0; partition = 0], 
chris-MS-7D28:387407:387428 [1] NCCL INFO Could not enable P2P between dev 2(=d000) and dev 3(=10000)
chris-MS-7D28:387407:387430 [3] NCCL INFO [node_id = 1; gpu_id = 15942; unique_id = 150116135808414020; location_id = 1280; bdf = 1280; domain = 0; partition = 0], 
chris-MS-7D28:387407:387430 [3] NCCL INFO [node_id = 3; gpu_id = 63553; unique_id = 150127372904180164; location_id = 3328; bdf = 3328; domain = 0; partition = 0], 
chris-MS-7D28:387407:387430 [3] NCCL INFO [node_id = 4; gpu_id = 41352; unique_id = 150127372904962276; location_id = 4096; bdf = 4096; domain = 0; partition = 0], 
chris-MS-7D28:387407:387428 [1] NCCL INFO Could not enable P2P between dev 1(=8000) and dev 0(=5000)
chris-MS-7D28:387407:387428 [1] NCCL INFO Could not enable P2P between dev 0(=5000) and dev 1(=8000)
chris-MS-7D28:387407:387428 [1] NCCL INFO Could not enable P2P between dev 3(=10000) and dev 2(=d000)
chris-MS-7D28:387407:387428 [1] NCCL INFO Could not enable P2P between dev 2(=d000) and dev 3(=10000)
chris-MS-7D28:387407:387428 [1] NCCL INFO Setting affinity for GPU 1 to 0fffff
chris-MS-7D28:387407:387427 [0] NCCL INFO [node_id = 2; gpu_id = 43906; unique_id = 150116135807889828; location_id = 2048; bdf = 2048; domain = 0; partition = 0], 
chris-MS-7D28:387407:387427 [0] NCCL INFO [node_id = 1; gpu_id = 15942; unique_id = 150116135808414020; location_id = 1280; bdf = 1280; domain = 0; partition = 0], 
chris-MS-7D28:387407:387427 [0] NCCL INFO [node_id = 3; gpu_id = 63553; unique_id = 150127372904180164; location_id = 3328; bdf = 3328; domain = 0; partition = 0], 
chris-MS-7D28:387407:387427 [0] NCCL INFO [node_id = 4; gpu_id = 41352; unique_id = 150127372904962276; location_id = 4096; bdf = 4096; domain = 0; partition = 0], 
chris-MS-7D28:387407:387430 [3] NCCL INFO initialized internal alternative rsmi functionality
chris-MS-7D28:387407:387427 [0] NCCL INFO initialized internal alternative rsmi functionality
chris-MS-7D28:387407:387429 [2] NCCL INFO Could not enable P2P between dev 1(=8000) and dev 0(=5000)
chris-MS-7D28:387407:387429 [2] NCCL INFO Could not enable P2P between dev 0(=5000) and dev 1(=8000)
chris-MS-7D28:387407:387429 [2] NCCL INFO Could not enable P2P between dev 3(=10000) and dev 2(=d000)
chris-MS-7D28:387407:387429 [2] NCCL INFO Could not enable P2P between dev 2(=d000) and dev 3(=10000)
chris-MS-7D28:387407:387429 [2] NCCL INFO Could not enable P2P between dev 1(=8000) and dev 0(=5000)
chris-MS-7D28:387407:387429 [2] NCCL INFO Could not enable P2P between dev 0(=5000) and dev 1(=8000)
chris-MS-7D28:387407:387429 [2] NCCL INFO Could not enable P2P between dev 3(=10000) and dev 2(=d000)
chris-MS-7D28:387407:387429 [2] NCCL INFO Could not enable P2P between dev 2(=d000) and dev 3(=10000)
chris-MS-7D28:387407:387429 [2] NCCL INFO Setting affinity for GPU 2 to 0fffff
chris-MS-7D28:387407:387430 [3] NCCL INFO Could not enable P2P between dev 1(=8000) and dev 0(=5000)
chris-MS-7D28:387407:387430 [3] NCCL INFO Could not enable P2P between dev 0(=5000) and dev 1(=8000)
chris-MS-7D28:387407:387430 [3] NCCL INFO Could not enable P2P between dev 3(=10000) and dev 2(=d000)
chris-MS-7D28:387407:387430 [3] NCCL INFO Could not enable P2P between dev 2(=d000) and dev 3(=10000)
chris-MS-7D28:387407:387430 [3] NCCL INFO Could not enable P2P between dev 1(=8000) and dev 0(=5000)
chris-MS-7D28:387407:387430 [3] NCCL INFO Could not enable P2P between dev 0(=5000) and dev 1(=8000)
chris-MS-7D28:387407:387430 [3] NCCL INFO Could not enable P2P between dev 3(=10000) and dev 2(=d000)
chris-MS-7D28:387407:387430 [3] NCCL INFO Could not enable P2P between dev 2(=d000) and dev 3(=10000)
chris-MS-7D28:387407:387427 [0] NCCL INFO Could not enable P2P between dev 1(=8000) and dev 0(=5000)
chris-MS-7D28:387407:387427 [0] NCCL INFO Could not enable P2P between dev 0(=5000) and dev 1(=8000)
chris-MS-7D28:387407:387427 [0] NCCL INFO Could not enable P2P between dev 3(=10000) and dev 2(=d000)
chris-MS-7D28:387407:387427 [0] NCCL INFO Could not enable P2P between dev 2(=d000) and dev 3(=10000)
chris-MS-7D28:387407:387430 [3] NCCL INFO Setting affinity for GPU 3 to 0fffff
chris-MS-7D28:387407:387427 [0] NCCL INFO Could not enable P2P between dev 1(=8000) and dev 0(=5000)
chris-MS-7D28:387407:387427 [0] NCCL INFO Could not enable P2P between dev 0(=5000) and dev 1(=8000)
chris-MS-7D28:387407:387427 [0] NCCL INFO Could not enable P2P between dev 3(=10000) and dev 2(=d000)
chris-MS-7D28:387407:387427 [0] NCCL INFO Could not enable P2P between dev 2(=d000) and dev 3(=10000)
chris-MS-7D28:387407:387427 [0] NCCL INFO Setting affinity for GPU 0 to 0fffff
chris-MS-7D28:387407:387430 [3] NCCL INFO comm 0x6f88db0 rank 3 nRanks 4 nNodes 1 localRanks 4 localRank 3 MNNVL 0
chris-MS-7D28:387407:387429 [2] NCCL INFO comm 0x6afed10 rank 2 nRanks 4 nNodes 1 localRanks 4 localRank 2 MNNVL 0
chris-MS-7D28:387407:387427 [0] NCCL INFO comm 0x702a4d0 rank 0 nRanks 4 nNodes 1 localRanks 4 localRank 0 MNNVL 0
chris-MS-7D28:387407:387428 [1] NCCL INFO comm 0x6d61440 rank 1 nRanks 4 nNodes 1 localRanks 4 localRank 1 MNNVL 0
chris-MS-7D28:387407:387430 [3] NCCL INFO NCCL_MIN_NCHANNELS set by environment to 4.
chris-MS-7D28:387407:387427 [0] NCCL INFO Channel 00/04 :    0   1   2   3
chris-MS-7D28:387407:387427 [0] NCCL INFO Channel 01/04 :    0   1   2   3
chris-MS-7D28:387407:387427 [0] NCCL INFO Channel 02/04 :    0   1   2   3
chris-MS-7D28:387407:387427 [0] NCCL INFO Channel 03/04 :    0   1   2   3
chris-MS-7D28:387407:387430 [3] NCCL INFO Trees [0] -1/-1/-1->3->2 [1] -1/-1/-1->3->2 [2] -1/-1/-1->3->2 [3] -1/-1/-1->3->2 comm 0x6f88db0 nRanks 04 busId 10000
chris-MS-7D28:387407:387428 [1] NCCL INFO Trees [0] 2/-1/-1->1->0 [1] 2/-1/-1->1->0 [2] 2/-1/-1->1->0 [3] 2/-1/-1->1->0 comm 0x6d61440 nRanks 04 busId 8000
chris-MS-7D28:387407:387430 [3] NCCL INFO P2P Chunksize set to 131072
chris-MS-7D28:387407:387428 [1] NCCL INFO P2P Chunksize set to 131072
chris-MS-7D28:387407:387429 [2] NCCL INFO Trees [0] 3/-1/-1->2->1 [1] 3/-1/-1->2->1 [2] 3/-1/-1->2->1 [3] 3/-1/-1->2->1 comm 0x6afed10 nRanks 04 busId d000
chris-MS-7D28:387407:387429 [2] NCCL INFO P2P Chunksize set to 131072
chris-MS-7D28:387407:387427 [0] NCCL INFO Trees [0] 1/-1/-1->0->-1 [1] 1/-1/-1->0->-1 [2] 1/-1/-1->0->-1 [3] 1/-1/-1->0->-1 comm 0x702a4d0 nRanks 04 busId 5000
chris-MS-7D28:387407:387427 [0] NCCL INFO P2P Chunksize set to 131072
chris-MS-7D28:387407:387430 [3] NCCL INFO Could not enable P2P between dev 3(=10000) and dev 2(=d000)
chris-MS-7D28:387407:387428 [1] NCCL INFO Could not enable P2P between dev 1(=8000) and dev 0(=5000)
chris-MS-7D28:387407:387430 [3] NCCL INFO Could not enable P2P between dev 3(=10000) and dev 2(=d000)
chris-MS-7D28:387407:387428 [1] NCCL INFO Could not enable P2P between dev 1(=8000) and dev 0(=5000)
chris-MS-7D28:387407:387430 [3] NCCL INFO Could not enable P2P between dev 3(=10000) and dev 2(=d000)
chris-MS-7D28:387407:387428 [1] NCCL INFO Could not enable P2P between dev 1(=8000) and dev 0(=5000)
chris-MS-7D28:387407:387430 [3] NCCL INFO Could not enable P2P between dev 3(=10000) and dev 2(=d000)
chris-MS-7D28:387407:387428 [1] NCCL INFO Could not enable P2P between dev 1(=8000) and dev 0(=5000)
chris-MS-7D28:387407:387427 [0] NCCL INFO Could not enable P2P between dev 0(=5000) and dev 1(=8000)
chris-MS-7D28:387407:387430 [3] NCCL INFO Channel 00 : 3[10000] -> 0[5000] via SHM/direct/direct comm 0x6f88db0 nRanks 04
chris-MS-7D28:387407:387429 [2] NCCL INFO Could not enable P2P between dev 2(=d000) and dev 3(=10000)
chris-MS-7D28:387407:387428 [1] NCCL INFO Channel 00 : 1[8000] -> 2[d000] via SHM/direct/direct comm 0x6d61440 nRanks 04
chris-MS-7D28:387407:387427 [0] NCCL INFO Channel 00 : 0[5000] -> 1[8000] via SHM/direct/direct comm 0x702a4d0 nRanks 04
chris-MS-7D28:387407:387427 [0] NCCL INFO Could not enable P2P between dev 0(=5000) and dev 1(=8000)
chris-MS-7D28:387407:387430 [3] NCCL INFO Channel 01 : 3[10000] -> 0[5000] via SHM/direct/direct comm 0x6f88db0 nRanks 04
chris-MS-7D28:387407:387429 [2] NCCL INFO Channel 00 : 2[d000] -> 3[10000] via SHM/direct/direct comm 0x6afed10 nRanks 04
chris-MS-7D28:387407:387429 [2] NCCL INFO Could not enable P2P between dev 2(=d000) and dev 3(=10000)
chris-MS-7D28:387407:387428 [1] NCCL INFO Channel 01 : 1[8000] -> 2[d000] via SHM/direct/direct comm 0x6d61440 nRanks 04
chris-MS-7D28:387407:387427 [0] NCCL INFO Channel 01 : 0[5000] -> 1[8000] via SHM/direct/direct comm 0x702a4d0 nRanks 04
chris-MS-7D28:387407:387427 [0] NCCL INFO Could not enable P2P between dev 0(=5000) and dev 1(=8000)
chris-MS-7D28:387407:387429 [2] NCCL INFO Channel 01 : 2[d000] -> 3[10000] via SHM/direct/direct comm 0x6afed10 nRanks 04
chris-MS-7D28:387407:387429 [2] NCCL INFO Could not enable P2P between dev 2(=d000) and dev 3(=10000)
chris-MS-7D28:387407:387430 [3] NCCL INFO Channel 02 : 3[10000] -> 0[5000] via SHM/direct/direct comm 0x6f88db0 nRanks 04
chris-MS-7D28:387407:387428 [1] NCCL INFO Channel 02 : 1[8000] -> 2[d000] via SHM/direct/direct comm 0x6d61440 nRanks 04
chris-MS-7D28:387407:387427 [0] NCCL INFO Channel 02 : 0[5000] -> 1[8000] via SHM/direct/direct comm 0x702a4d0 nRanks 04
chris-MS-7D28:387407:387427 [0] NCCL INFO Could not enable P2P between dev 0(=5000) and dev 1(=8000)
chris-MS-7D28:387407:387429 [2] NCCL INFO Channel 02 : 2[d000] -> 3[10000] via SHM/direct/direct comm 0x6afed10 nRanks 04
chris-MS-7D28:387407:387429 [2] NCCL INFO Could not enable P2P between dev 2(=d000) and dev 3(=10000)
chris-MS-7D28:387407:387430 [3] NCCL INFO Channel 03 : 3[10000] -> 0[5000] via SHM/direct/direct comm 0x6f88db0 nRanks 04
chris-MS-7D28:387407:387428 [1] NCCL INFO Channel 03 : 1[8000] -> 2[d000] via SHM/direct/direct comm 0x6d61440 nRanks 04
chris-MS-7D28:387407:387427 [0] NCCL INFO Channel 03 : 0[5000] -> 1[8000] via SHM/direct/direct comm 0x702a4d0 nRanks 04
chris-MS-7D28:387407:387429 [2] NCCL INFO Channel 03 : 2[d000] -> 3[10000] via SHM/direct/direct comm 0x6afed10 nRanks 04
chris-MS-7D28:387407:387428 [1] NCCL INFO Connected all rings comm 0x6d61440 nRanks 04 busId 8000
chris-MS-7D28:387407:387427 [0] NCCL INFO Connected all rings comm 0x702a4d0 nRanks 04 busId 5000
chris-MS-7D28:387407:387427 [0] NCCL INFO Could not enable P2P between dev 0(=5000) and dev 1(=8000)
chris-MS-7D28:387407:387429 [2] NCCL INFO Connected all rings comm 0x6afed10 nRanks 04 busId d000
chris-MS-7D28:387407:387429 [2] NCCL INFO Could not enable P2P between dev 2(=d000) and dev 3(=10000)
chris-MS-7D28:387407:387430 [3] NCCL INFO Connected all rings comm 0x6f88db0 nRanks 04 busId 10000
chris-MS-7D28:387407:387430 [3] NCCL INFO Could not enable P2P between dev 3(=10000) and dev 2(=d000)
chris-MS-7D28:387407:387430 [3] NCCL INFO Channel 00 : 3[10000] -> 2[d000] via SHM/direct/direct comm 0x6f88db0 nRanks 04
chris-MS-7D28:387407:387430 [3] NCCL INFO Could not enable P2P between dev 3(=10000) and dev 2(=d000)
chris-MS-7D28:387407:387430 [3] NCCL INFO Channel 01 : 3[10000] -> 2[d000] via SHM/direct/direct comm 0x6f88db0 nRanks 04
chris-MS-7D28:387407:387430 [3] NCCL INFO Could not enable P2P between dev 3(=10000) and dev 2(=d000)
chris-MS-7D28:387407:387430 [3] NCCL INFO Channel 02 : 3[10000] -> 2[d000] via SHM/direct/direct comm 0x6f88db0 nRanks 04
chris-MS-7D28:387407:387430 [3] NCCL INFO Could not enable P2P between dev 3(=10000) and dev 2(=d000)
chris-MS-7D28:387407:387430 [3] NCCL INFO Channel 03 : 3[10000] -> 2[d000] via SHM/direct/direct comm 0x6f88db0 nRanks 04
chris-MS-7D28:387407:387427 [0] NCCL INFO Could not enable P2P between dev 0(=5000) and dev 1(=8000)
chris-MS-7D28:387407:387429 [2] NCCL INFO Could not enable P2P between dev 2(=d000) and dev 3(=10000)
chris-MS-7D28:387407:387427 [0] NCCL INFO Could not enable P2P between dev 0(=5000) and dev 1(=8000)
chris-MS-7D28:387407:387429 [2] NCCL INFO Could not enable P2P between dev 2(=d000) and dev 3(=10000)
chris-MS-7D28:387407:387427 [0] NCCL INFO Could not enable P2P between dev 0(=5000) and dev 1(=8000)
chris-MS-7D28:387407:387429 [2] NCCL INFO Could not enable P2P between dev 2(=d000) and dev 3(=10000)
chris-MS-7D28:387407:387428 [1] NCCL INFO Could not enable P2P between dev 1(=8000) and dev 0(=5000)
chris-MS-7D28:387407:387428 [1] NCCL INFO Channel 00 : 1[8000] -> 0[5000] via SHM/direct/direct comm 0x6d61440 nRanks 04
chris-MS-7D28:387407:387428 [1] NCCL INFO Could not enable P2P between dev 1(=8000) and dev 0(=5000)
chris-MS-7D28:387407:387428 [1] NCCL INFO Channel 01 : 1[8000] -> 0[5000] via SHM/direct/direct comm 0x6d61440 nRanks 04
chris-MS-7D28:387407:387428 [1] NCCL INFO Could not enable P2P between dev 1(=8000) and dev 0(=5000)
chris-MS-7D28:387407:387429 [2] NCCL INFO Channel 00 : 2[d000] -> 1[8000] via SHM/direct/direct comm 0x6afed10 nRanks 04
chris-MS-7D28:387407:387428 [1] NCCL INFO Channel 02 : 1[8000] -> 0[5000] via SHM/direct/direct comm 0x6d61440 nRanks 04
chris-MS-7D28:387407:387428 [1] NCCL INFO Could not enable P2P between dev 1(=8000) and dev 0(=5000)
chris-MS-7D28:387407:387429 [2] NCCL INFO Channel 01 : 2[d000] -> 1[8000] via SHM/direct/direct comm 0x6afed10 nRanks 04
chris-MS-7D28:387407:387428 [1] NCCL INFO Channel 03 : 1[8000] -> 0[5000] via SHM/direct/direct comm 0x6d61440 nRanks 04
chris-MS-7D28:387407:387429 [2] NCCL INFO Channel 02 : 2[d000] -> 1[8000] via SHM/direct/direct comm 0x6afed10 nRanks 04
chris-MS-7D28:387407:387429 [2] NCCL INFO Channel 03 : 2[d000] -> 1[8000] via SHM/direct/direct comm 0x6afed10 nRanks 04
chris-MS-7D28:387407:387430 [3] NCCL INFO Connected all trees
chris-MS-7D28:387407:387430 [3] NCCL INFO threadThresholds 8/8/64 | 32/8/64 | 256 | 256
chris-MS-7D28:387407:387430 [3] NCCL INFO 4 coll channels, 0 collnet channels, 0 nvls channels, 2 p2p channels, 1 p2p channels per peer
chris-MS-7D28:387407:387427 [0] NCCL INFO Connected all trees
chris-MS-7D28:387407:387427 [0] NCCL INFO threadThresholds 8/8/64 | 32/8/64 | 256 | 256
chris-MS-7D28:387407:387427 [0] NCCL INFO 4 coll channels, 0 collnet channels, 0 nvls channels, 2 p2p channels, 1 p2p channels per peer
chris-MS-7D28:387407:387429 [2] NCCL INFO Connected all trees
chris-MS-7D28:387407:387429 [2] NCCL INFO threadThresholds 8/8/64 | 32/8/64 | 256 | 256
chris-MS-7D28:387407:387429 [2] NCCL INFO 4 coll channels, 0 collnet channels, 0 nvls channels, 2 p2p channels, 1 p2p channels per peer
chris-MS-7D28:387407:387428 [1] NCCL INFO Connected all trees
chris-MS-7D28:387407:387428 [1] NCCL INFO threadThresholds 8/8/64 | 32/8/64 | 256 | 256
chris-MS-7D28:387407:387428 [1] NCCL INFO 4 coll channels, 0 collnet channels, 0 nvls channels, 2 p2p channels, 1 p2p channels per peer
chris-MS-7D28:387407:387430 [3] NCCL INFO comm 0x6f88db0 rank 3 nranks 4 cudaDev 3 busId 10000 commId 0xdece159078df87d3 localSize 416 used 4246976 bytes - Init COMPLETE
chris-MS-7D28:387407:387429 [2] NCCL INFO comm 0x6afed10 rank 2 nranks 4 cudaDev 2 busId d000 commId 0xdece159078df87d3 localSize 416 used 4246976 bytes - Init COMPLETE
chris-MS-7D28:387407:387427 [0] NCCL INFO comm 0x702a4d0 rank 0 nranks 4 cudaDev 0 busId 5000 commId 0xdece159078df87d3 localSize 416 used 4246976 bytes - Init COMPLETE
chris-MS-7D28:387407:387428 [1] NCCL INFO comm 0x6d61440 rank 1 nranks 4 cudaDev 1 busId 8000 commId 0xdece159078df87d3 localSize 416 used 4246976 bytes - Init COMPLETE
correctness PASS (grouped, 4 ranks)
RANK die0 ne=20480 kb=80 lockstep iters=100 | wall med 121.73 min 115.26 p90 126.68 avg 121.83 halves 5.06% eo 0.14% | dev med 115.70 min 109.48 p90 121.48 avg 116.15 halves 5.44% eo 0.19% | pci 0000:05:00.0
RANK die0 dev histogram (us, 2us buckets): 109-111:8 111-113:17 113-115:22 115-117:16 117-119:20 119-121:7 121-123:5 123-125:3 125-127:1 127-129:1
RANK die1 ne=20480 kb=80 lockstep iters=100 | wall med 121.73 min 115.26 p90 126.68 avg 121.83 halves 5.06% eo 0.14% | dev med 111.85 min 105.48 p90 118.22 avg 112.41 halves 6.21% eo 0.19% | pci 0000:08:00.0
RANK die1 dev histogram (us, 2us buckets): 105-107:9 107-109:16 109-111:24 111-113:12 113-115:18 115-117:10 117-119:5 119-121:2 121-123:2 123-125:2
RANK die2 ne=20480 kb=80 lockstep iters=100 | wall med 121.73 min 115.26 p90 126.68 avg 121.83 halves 5.06% eo 0.14% | dev med 109.04 min 100.15 p90 114.37 avg 109.22 halves 5.24% eo 0.20% | pci 0000:0d:00.0
RANK die2 dev histogram (us, 2us buckets): 100-102:1 102-104:7 104-106:11 106-108:21 108-110:22 110-112:17 112-114:11 114-116:7 116-118:3
RANK die3 ne=20480 kb=80 lockstep iters=100 | wall med 121.73 min 115.26 p90 126.68 avg 121.83 halves 5.06% eo 0.14% | dev med 114.07 min 108.15 p90 119.85 avg 114.27 halves 5.29% eo 0.16% | pci 0000:10:00.0
RANK die3 dev histogram (us, 2us buckets): 108-110:15 110-112:14 112-114:23 114-116:18 116-118:13 118-120:10 120-122:5 122-124:2
BURST ne=20480 n=32 wall per-op 96.36 us | die0 dev 96.03 die1 dev 95.88 die2 dev 95.85 die3 dev 96.13

SUMMARY ne=20480 lockstep per-rank dev med (us): die0=115.7 die1=111.9 die2=109.0 die3=114.1 | dev spread x1.06
SPREAD-LAW worst halves spread: 0.20% (PASS)
DONE
chris-MS-7D28:387407:387407 [3] NCCL INFO comm 0x702a4d0 rank 0 nranks 4 cudaDev 0 busId 5000 - Destroy COMPLETE
chris-MS-7D28:387407:387407 [3] NCCL INFO comm 0x6d61440 rank 1 nranks 4 cudaDev 1 busId 8000 - Destroy COMPLETE
chris-MS-7D28:387407:387407 [3] NCCL INFO comm 0x6afed10 rank 2 nranks 4 cudaDev 2 busId d000 - Destroy COMPLETE
chris-MS-7D28:387407:387407 [3] NCCL INFO comm 0x6f88db0 rank 3 nranks 4 cudaDev 3 busId 10000 - Destroy COMPLETE
